/*C7*/SET SCHEMA PUBLIC
DELETE FROM FUNCIONARIOS WHERE RE=10
COMMIT
DISCONNECT
/*C6*/SET SCHEMA PUBLIC
DISCONNECT
/*C8*/SET SCHEMA PUBLIC
DISCONNECT
/*C10*/SET SCHEMA PUBLIC
DISCONNECT
/*C9*/SET SCHEMA PUBLIC
DISCONNECT
/*C11*/SET SCHEMA PUBLIC
DISCONNECT
/*C14*/SET SCHEMA PUBLIC
INSERT INTO FUNCIONARIOS VALUES(100,'teste100','2010-10-10',10000.00)
COMMIT
/*C15*/SET SCHEMA PUBLIC
DELETE FROM FUNCIONARIOS WHERE RE=100
COMMIT
/*C14*/DISCONNECT
/*C15*/DISCONNECT
/*C13*/SET SCHEMA PUBLIC
DISCONNECT
/*C16*/SET SCHEMA PUBLIC
DISCONNECT
/*C12*/SET SCHEMA PUBLIC
DISCONNECT
